{"logTime": "0723/152257", "correlationVector":"5TVZLrLj6us4zqzGyvz5Pe.1","action":"SyncServerConnectionManagerRequest", "result":"SYNC_SERVER_OK", "context":{"environment":"Prod_northcentralus_prod-s01-050-nam-northcentralus", "migrationStage":"NotStarted", "server":"akswtt101000017"}}
{"logTime": "0723/152257", "correlationVector":"5TVZLrLj6us4zqzGyvz5Pe.2","action":"ProcessGetUpdates", "result":"Done", "context":{"dataType":"Encryption Keys", "deleted":"0", "process_failed_to_decrypt":"0", "process_pending_decryption":"0", "process_success":"1", "total":"1"}}
{"logTime": "0723/152257", "correlationVector":"tCbzuHaZ7IQMrT6IU9ARHe","action":"SyncServerConnectionManagerRequest", "result":"SYNC_SERVER_OK", "context":{"environment":"", "migrationStage":"", "server":""}}
{"logTime": "0723/152257", "correlationVector":"tCbzuHaZ7IQMrT6IU9ARHe.0","action":"EncryptionKeysFetcher.DownloadKeys:", "result":"Success", "context":Key count: 2, Last key timestamp: 2026-05-12T21:48:08Z}
{"logTime": "0723/152257", "correlationVector":"tCbzuHaZ7IQMrT6IU9ARHe.1","action":"EncryptionKeysManager::SetEncryptionKeys:", "result":"Success", "context":Key names[2]:[G1OSwg4MsGfnsVJOEVbv4TLBcFKcKeVSOciQrIWRvdSIuFYt2dYwVT1A9RhyXIKbGVN0nkW1qPMMY3LCaL2WdQ==][N/BDStKawV6FXYN920LIDGqpZ2VHt5hEh0csYZsCkUNTIp72v4CwLelBmEyxeazaELBoBEbs5LbLcgc9R1WKzA==]}
{"logTime": "0723/152257", "correlationVector":"tCbzuHaZ7IQMrT6IU9ARHe.2","action":"EncryptionKeysManager::SetEncryptionKeysWithTimestamps:", "result":"Success", "context":Key timestamps[2]:[2025-08-07T16:01:40Z][2026-05-12T21:48:08Z]}
{"logTime": "0723/152257", "correlationVector":"5TVZLrLj6us4zqzGyvz5Pe","action":"Initial GetUpdates", "result":"", "context":Reason: NEW_CLIENT. cV=5TVZLrLj6us4zqzGyvz5Pe}
{"logTime": "0723/152257", "correlationVector":"5TVZLrLj6us4zqzGyvz5Pe.3","action":"GetUpdates Response", "result":"Success", "context":Received 1 update(s). cV=5TVZLrLj6us4zqzGyvz5Pe.0;server=akswtt101000017;cloudType=Consumer;environment=Prod_northcentralus_prod-s01-050-nam-northcentralus;migrationStage=NotStarted}
{"logTime": "0723/152257", "correlationVector":"xDZnED4Sjbbkh5L3XVj1rJ","action":"Initial GetUpdates", "result":"", "context":Reason: NEWLY_SUPPORTED_DATATYPE. cV=xDZnED4Sjbbkh5L3XVj1rJ}
{"logTime": "0723/152257", "correlationVector":"xDZnED4Sjbbkh5L3XVj1rJ.1","action":"SyncServerConnectionManagerRequest", "result":"SYNC_SERVER_OK", "context":{"environment":"Prod_northcentralus_prod-s01-050-nam-northcentralus", "migrationStage":"NotStarted", "server":"akswtt101000015"}}
{"logTime": "0723/152257", "correlationVector":"xDZnED4Sjbbkh5L3XVj1rJ.2","action":"ProcessGetUpdates", "result":"Done", "context":{"dataType":"Device Info", "deleted":"0", "process_failed_to_decrypt":"0", "process_pending_decryption":"0", "process_success":"4", "total":"4"}}
{"logTime": "0723/152257", "correlationVector":"xDZnED4Sjbbkh5L3XVj1rJ.3","action":"GetUpdates Response", "result":"Success", "context":Received 4 update(s). cV=xDZnED4Sjbbkh5L3XVj1rJ.0;server=akswtt101000015;cloudType=Consumer;environment=Prod_northcentralus_prod-s01-050-nam-northcentralus;migrationStage=NotStarted}
{"logTime": "0723/152257", "correlationVector":"y/D1VCH6wFB3mIbrRmXewd","action":"Initial GetUpdates", "result":"", "context":Reason: NEWLY_SUPPORTED_DATATYPE. cV=y/D1VCH6wFB3mIbrRmXewd}
{"logTime": "0723/152258", "correlationVector":"y/D1VCH6wFB3mIbrRmXewd.1","action":"SyncServerConnectionManagerRequest", "result":"SYNC_SERVER_OK", "context":{"environment":"Prod_centralus_prod-s01-068-nam-centralus", "migrationStage":"NotStarted", "server":"akswtt006000003"}}
{"logTime": "0723/152258", "correlationVector":"y/D1VCH6wFB3mIbrRmXewd.2","action":"GetUpdates Response", "result":"Success", "context":Received 0 update(s). cV=y/D1VCH6wFB3mIbrRmXewd.0;server=akswtt006000003;cloudType=Consumer;environment=Prod_centralus_prod-s01-068-nam-centralus;migrationStage=NotStarted}
{"logTime": "0723/152258", "correlationVector":"N2EFKOuaC60Nua7qm0yAkn","action":"Normal GetUpdate request", "result":"", "context":cV=N2EFKOuaC60Nua7qm0yAkn
Nudged types: Device Info
Refresh requested types: Extensions, Extension settings, Device Info, User Consents, Send Tab To Self, Web Apps, Encryption Keys}
{"logTime": "0723/152258", "correlationVector":"N2EFKOuaC60Nua7qm0yAkn.1","action":"SyncServerConnectionManagerRequest", "result":"SYNC_SERVER_OK", "context":{"environment":"Prod_centralus_prod-s01-068-nam-centralus", "migrationStage":"NotStarted", "server":"akswtt006000000"}}
{"logTime": "0723/152258", "correlationVector":"N2EFKOuaC60Nua7qm0yAkn.2","action":"GetUpdates Response", "result":"Success", "context":Received 0 update(s). cV=N2EFKOuaC60Nua7qm0yAkn.0;server=akswtt006000000;cloudType=Consumer;environment=Prod_centralus_prod-s01-068-nam-centralus;migrationStage=NotStarted}
{"logTime": "0723/152258", "correlationVector":"73+pjM6HyZKZlxK0k0qnng","action":"DoCompareDataConsistency requsted types: ", "result":"Extensions, Extension settings, Send Tab To Self, Web Apps, Encryption Keys"}
{"logTime": "0723/152258", "correlationVector":"73+pjM6HyZKZlxK0k0qnng.0","action":"CompareDataConsistency result: ", "result":"Compare result: Encryption Keys is consistent. local entities count is: 1 local entities hash is: VYqXXREol9JTAAtAo6yyYiGdS+Q="}
{"logTime": "0723/152258", "correlationVector":"73+pjM6HyZKZlxK0k0qnng.1","action":"CompareDataConsistency result: ", "result":"Compare result: Extensions is consistent. local entities count is: 0 local entities hash is: "}
{"logTime": "0723/152258", "correlationVector":"73+pjM6HyZKZlxK0k0qnng.2","action":"CompareDataConsistency result: ", "result":"Compare result: Extension settings is consistent. local entities count is: 0 local entities hash is: "}
{"logTime": "0723/152258", "correlationVector":"73+pjM6HyZKZlxK0k0qnng.3","action":"CompareDataConsistency result: ", "result":"Server did not send this Send Tab To Self local entities count is: 0 local entities hash is: "}
{"logTime": "0723/152258", "correlationVector":"73+pjM6HyZKZlxK0k0qnng.4","action":"CompareDataConsistency result: ", "result":"Compare result: Web Apps is consistent. local entities count is: 0 local entities hash is: "}
{"logTime": "0723/152258", "correlationVector":"bWSjCsGZ5qjHHoQepJDoT+","action":"Commit Request", "result":"", "context":Item count: 1
Contributing types: Device Info}
{"logTime": "0723/152259", "correlationVector":"bWSjCsGZ5qjHHoQepJDoT+.1","action":"SyncServerConnectionManagerRequest", "result":"SYNC_SERVER_OK", "context":{"environment":"Prod_northcentralus_prod-s01-050-nam-northcentralus", "migrationStage":"NotStarted", "server":"akswtt101000015"}}
{"logTime": "0723/152259", "correlationVector":"bWSjCsGZ5qjHHoQepJDoT+.2","action":"Commit Response", "result":"Success", "context":Result: Success. cV=bWSjCsGZ5qjHHoQepJDoT+.0;server=akswtt101000015;cloudType=Consumer;environment=Prod_northcentralus_prod-s01-050-nam-northcentralus;migrationStage=NotStarted}
{"logTime": "0723/152259", "correlationVector":"","action":"DIAGNOSTIC_REQUEST|v1/diagnosticData/Diagnostic.SendCheckResult()|SUCCESS", "result":""}
{"logTime": "0723/152300", "correlationVector":"9kroqlAM4G5Ee51FX8buM4","action":"Initial GetUpdates", "result":"", "context":Reason: RECONFIGURATION. cV=9kroqlAM4G5Ee51FX8buM4}
{"logTime": "0723/152301", "correlationVector":"9kroqlAM4G5Ee51FX8buM4.1","action":"SyncServerConnectionManagerRequest", "result":"SYNC_SERVER_OK", "context":{"environment":"Prod_northcentralus_prod-s01-050-nam-northcentralus", "migrationStage":"NotStarted", "server":"akswtt10100000i"}}
{"logTime": "0723/152301", "correlationVector":"9kroqlAM4G5Ee51FX8buM4.2","action":"ProcessGetUpdates", "result":"Done", "context":{"dataType":"Passwords", "deleted":"1", "process_failed_to_decrypt":"0", "process_pending_decryption":"0", "process_success":"19", "total":"19"}}
{"logTime": "0723/152301", "correlationVector":"9kroqlAM4G5Ee51FX8buM4.3","action":"ProcessGetUpdates", "result":"Done", "context":{"dataType":"Device Info", "deleted":"0", "process_failed_to_decrypt":"0", "process_pending_decryption":"0", "process_success":"5", "total":"5"}}
{"logTime": "0723/152301", "correlationVector":"9kroqlAM4G5Ee51FX8buM4.4","action":"GetUpdates Response", "result":"Success", "context":Received 24 update(s). cV=9kroqlAM4G5Ee51FX8buM4.0;server=akswtt10100000i;cloudType=Consumer;environment=Prod_northcentralus_prod-s01-050-nam-northcentralus;migrationStage=NotStarted}
{"logTime": "0723/152301", "correlationVector":"RsT0dNFnpE5WIFrs+B9OOA","action":"Initial GetUpdates", "result":"", "context":Reason: RECONFIGURATION. cV=RsT0dNFnpE5WIFrs+B9OOA}
{"logTime": "0723/152302", "correlationVector":"RsT0dNFnpE5WIFrs+B9OOA.1","action":"SyncServerConnectionManagerRequest", "result":"SYNC_SERVER_OK", "context":{"environment":"Prod_northcentralus_prod-s01-050-nam-northcentralus", "migrationStage":"NotStarted", "server":"akswtt10100000o"}}
{"logTime": "0723/152302", "correlationVector":"RsT0dNFnpE5WIFrs+B9OOA.2","action":"ProcessGetUpdates", "result":"Done", "context":{"dataType":"Bookmarks", "deleted":"0", "process_failed_to_decrypt":"0", "process_pending_decryption":"0", "process_success":"7", "total":"7"}}
{"logTime": "0723/152302", "correlationVector":"RsT0dNFnpE5WIFrs+B9OOA.3","action":"ProcessGetUpdates", "result":"Done", "context":{"dataType":"Preferences", "deleted":"0", "process_failed_to_decrypt":"0", "process_pending_decryption":"0", "process_success":"26", "total":"26"}}
{"logTime": "0723/152302", "correlationVector":"RsT0dNFnpE5WIFrs+B9OOA.4","action":"ProcessGetUpdates", "result":"Done", "context":{"dataType":"Autofill Profiles", "deleted":"0", "process_failed_to_decrypt":"0", "process_pending_decryption":"0", "process_success":"132", "total":"132"}}
{"logTime": "0723/152302", "correlationVector":"RsT0dNFnpE5WIFrs+B9OOA.5","action":"ProcessGetUpdates", "result":"Done", "context":{"dataType":"Autofill", "deleted":"0", "process_failed_to_decrypt":"0", "process_pending_decryption":"0", "process_success":"85", "total":"85"}}
{"logTime": "0723/152302", "correlationVector":"RsT0dNFnpE5WIFrs+B9OOA.6","action":"GetUpdates Response", "result":"Success", "context":Received 250 update(s). cV=RsT0dNFnpE5WIFrs+B9OOA.0;server=akswtt10100000o;cloudType=Consumer;environment=Prod_northcentralus_prod-s01-050-nam-northcentralus;migrationStage=NotStarted Some updates remain.}
{"logTime": "0723/152302", "correlationVector":"yvlRsC4G7T+AwA/rNX99H9","action":"Initial GetUpdates", "result":"", "context":Reason: RECONFIGURATION. cV=yvlRsC4G7T+AwA/rNX99H9}
{"logTime": "0723/152302", "correlationVector":"yvlRsC4G7T+AwA/rNX99H9.1","action":"SyncServerConnectionManagerRequest", "result":"SYNC_SERVER_OK", "context":{"environment":"Prod_northcentralus_prod-s01-050-nam-northcentralus", "migrationStage":"NotStarted", "server":"akswtt10100000i"}}
{"logTime": "0723/152302", "correlationVector":"yvlRsC4G7T+AwA/rNX99H9.2","action":"ProcessGetUpdates", "result":"Done", "context":{"dataType":"Autofill", "deleted":"0", "process_failed_to_decrypt":"0", "process_pending_decryption":"0", "process_success":"250", "total":"250"}}
{"logTime": "0723/152302", "correlationVector":"yvlRsC4G7T+AwA/rNX99H9.3","action":"GetUpdates Response", "result":"Success", "context":Received 250 update(s). cV=yvlRsC4G7T+AwA/rNX99H9.0;server=akswtt10100000i;cloudType=Consumer;environment=Prod_northcentralus_prod-s01-050-nam-northcentralus;migrationStage=NotStarted Some updates remain.}
{"logTime": "0723/152302", "correlationVector":"Ob9w4o3OO1Fhwfe0Sv7lcI","action":"Initial GetUpdates", "result":"", "context":Reason: RECONFIGURATION. cV=Ob9w4o3OO1Fhwfe0Sv7lcI}
{"logTime": "0723/152303", "correlationVector":"Ob9w4o3OO1Fhwfe0Sv7lcI.1","action":"SyncServerConnectionManagerRequest", "result":"SYNC_SERVER_OK", "context":{"environment":"Prod_northcentralus_prod-s01-050-nam-northcentralus", "migrationStage":"NotStarted", "server":"akswtt101000010"}}
{"logTime": "0723/152303", "correlationVector":"Ob9w4o3OO1Fhwfe0Sv7lcI.2","action":"ProcessGetUpdates", "result":"Done", "context":{"dataType":"Bookmarks", "deleted":"0", "process_failed_to_decrypt":"0", "process_pending_decryption":"0", "process_success":"1", "total":"1"}}
{"logTime": "0723/152303", "correlationVector":"Ob9w4o3OO1Fhwfe0Sv7lcI.3","action":"ProcessGetUpdates", "result":"Done", "context":{"dataType":"Preferences", "deleted":"0", "process_failed_to_decrypt":"0", "process_pending_decryption":"0", "process_success":"10", "total":"10"}}
{"logTime": "0723/152303", "correlationVector":"Ob9w4o3OO1Fhwfe0Sv7lcI.4","action":"ProcessGetUpdates", "result":"Done", "context":{"dataType":"Autofill Profiles", "deleted":"0", "process_failed_to_decrypt":"0", "process_pending_decryption":"0", "process_success":"2", "total":"2"}}
{"logTime": "0723/152303", "correlationVector":"Ob9w4o3OO1Fhwfe0Sv7lcI.5","action":"ProcessGetUpdates", "result":"Done", "context":{"dataType":"Autofill", "deleted":"0", "process_failed_to_decrypt":"0", "process_pending_decryption":"0", "process_success":"150", "total":"150"}}
{"logTime": "0723/152303", "correlationVector":"Ob9w4o3OO1Fhwfe0Sv7lcI.6","action":"ProcessGetUpdates", "result":"Done", "context":{"dataType":"Sessions", "deleted":"81", "process_failed_to_decrypt":"0", "process_pending_decryption":"0", "process_success":"81", "total":"81"}}
{"logTime": "0723/152303", "correlationVector":"Ob9w4o3OO1Fhwfe0Sv7lcI.7","action":"ProcessGetUpdates", "result":"Done", "context":{"dataType":"Edge Hub App Usage", "deleted":"1", "process_failed_to_decrypt":"0", "process_pending_decryption":"0", "process_success":"6", "total":"6"}}
{"logTime": "0723/152303", "correlationVector":"Ob9w4o3OO1Fhwfe0Sv7lcI.8","action":"GetUpdates Response", "result":"Success", "context":Received 250 update(s). cV=Ob9w4o3OO1Fhwfe0Sv7lcI.0;server=akswtt101000010;cloudType=Consumer;environment=Prod_northcentralus_prod-s01-050-nam-northcentralus;migrationStage=NotStarted Some updates remain.}
{"logTime": "0723/152303", "correlationVector":"pdyGAHjV6KPsARK1CvGRc/","action":"Initial GetUpdates", "result":"", "context":Reason: RECONFIGURATION. cV=pdyGAHjV6KPsARK1CvGRc/}
{"logTime": "0723/152303", "correlationVector":"pdyGAHjV6KPsARK1CvGRc/.1","action":"SyncServerConnectionManagerRequest", "result":"SYNC_SERVER_OK", "context":{"environment":"Prod_northcentralus_prod-s01-050-nam-northcentralus", "migrationStage":"NotStarted", "server":"akswtt10100000n"}}
{"logTime": "0723/152303", "correlationVector":"pdyGAHjV6KPsARK1CvGRc/.2","action":"ProcessGetUpdates", "result":"Done", "context":{"dataType":"Bookmarks", "deleted":"0", "process_failed_to_decrypt":"0", "process_pending_decryption":"0", "process_success":"2", "total":"2"}}
{"logTime": "0723/152303", "correlationVector":"pdyGAHjV6KPsARK1CvGRc/.3","action":"ProcessGetUpdates", "result":"Done", "context":{"dataType":"Preferences", "deleted":"0", "process_failed_to_decrypt":"0", "process_pending_decryption":"0", "process_success":"11", "total":"11"}}
{"logTime": "0723/152303", "correlationVector":"pdyGAHjV6KPsARK1CvGRc/.4","action":"ProcessGetUpdates", "result":"Done", "context":{"dataType":"Autofill", "deleted":"0", "process_failed_to_decrypt":"0", "process_pending_decryption":"0", "process_success":"15", "total":"15"}}
{"logTime": "0723/152303", "correlationVector":"pdyGAHjV6KPsARK1CvGRc/.5","action":"ProcessGetUpdates", "result":"Done", "context":{"dataType":"Sessions", "deleted":"34", "process_failed_to_decrypt":"0", "process_pending_decryption":"0", "process_success":"36", "total":"36"}}
{"logTime": "0723/152303", "correlationVector":"pdyGAHjV6KPsARK1CvGRc/.6","action":"ProcessGetUpdates", "result":"Done", "context":{"dataType":"Edge Hub App Usage", "deleted":"0", "process_failed_to_decrypt":"0", "process_pending_decryption":"0", "process_success":"3", "total":"3"}}
{"logTime": "0723/152303", "correlationVector":"pdyGAHjV6KPsARK1CvGRc/.7","action":"GetUpdates Response", "result":"Success", "context":Received 67 update(s). cV=pdyGAHjV6KPsARK1CvGRc/.0;server=akswtt10100000n;cloudType=Consumer;environment=Prod_northcentralus_prod-s01-050-nam-northcentralus;migrationStage=NotStarted}
{"logTime": "0723/152303", "correlationVector":"F1y2dGcCOnvm7iwJVTWa40","action":"Initial GetUpdates", "result":"", "context":Reason: RECONFIGURATION. cV=F1y2dGcCOnvm7iwJVTWa40}
{"logTime": "0723/152304", "correlationVector":"F1y2dGcCOnvm7iwJVTWa40.1","action":"SyncServerConnectionManagerRequest", "result":"SYNC_SERVER_OK", "context":{"environment":"Prod_northcentralus_prod-s01-050-nam-northcentralus", "migrationStage":"NotStarted", "server":"akswtt101000008"}}
{"logTime": "0723/152304", "correlationVector":"F1y2dGcCOnvm7iwJVTWa40.2","action":"ProcessGetUpdates", "result":"Done", "context":{"dataType":"History", "deleted":"0", "process_failed_to_decrypt":"0", "process_pending_decryption":"0", "process_success":"250", "total":"250"}}
{"logTime": "0723/152304", "correlationVector":"F1y2dGcCOnvm7iwJVTWa40.3","action":"GetUpdates Response", "result":"Success", "context":Received 250 update(s). cV=F1y2dGcCOnvm7iwJVTWa40.0;server=akswtt101000008;cloudType=Consumer;environment=Prod_northcentralus_prod-s01-050-nam-northcentralus;migrationStage=NotStarted Some updates remain.}
{"logTime": "0723/152304", "correlationVector":"oxO1uGlmbtp5kqeobkFx/v","action":"Initial GetUpdates", "result":"", "context":Reason: RECONFIGURATION. cV=oxO1uGlmbtp5kqeobkFx/v}
{"logTime": "0723/152305", "correlationVector":"oxO1uGlmbtp5kqeobkFx/v.1","action":"SyncServerConnectionManagerRequest", "result":"SYNC_SERVER_OK", "context":{"environment":"Prod_northcentralus_prod-s01-050-nam-northcentralus", "migrationStage":"NotStarted", "server":"akswtt10100000t"}}
{"logTime": "0723/152305", "correlationVector":"oxO1uGlmbtp5kqeobkFx/v.2","action":"ProcessGetUpdates", "result":"Done", "context":{"dataType":"History", "deleted":"0", "process_failed_to_decrypt":"0", "process_pending_decryption":"0", "process_success":"250", "total":"250"}}
{"logTime": "0723/152305", "correlationVector":"oxO1uGlmbtp5kqeobkFx/v.3","action":"GetUpdates Response", "result":"Success", "context":Received 250 update(s). cV=oxO1uGlmbtp5kqeobkFx/v.0;server=akswtt10100000t;cloudType=Consumer;environment=Prod_northcentralus_prod-s01-050-nam-northcentralus;migrationStage=NotStarted Some updates remain.}
{"logTime": "0723/152305", "correlationVector":"F72zOIqa6znw1DwJOh8N/H","action":"Initial GetUpdates", "result":"", "context":Reason: RECONFIGURATION. cV=F72zOIqa6znw1DwJOh8N/H}
{"logTime": "0723/152305", "correlationVector":"F72zOIqa6znw1DwJOh8N/H.1","action":"SyncServerConnectionManagerRequest", "result":"SYNC_SERVER_OK", "context":{"environment":"Prod_northcentralus_prod-s01-050-nam-northcentralus", "migrationStage":"NotStarted", "server":"akswtt101000011"}}
{"logTime": "0723/152305", "correlationVector":"F72zOIqa6znw1DwJOh8N/H.2","action":"ProcessGetUpdates", "result":"Done", "context":{"dataType":"History", "deleted":"0", "process_failed_to_decrypt":"0", "process_pending_decryption":"0", "process_success":"250", "total":"250"}}
{"logTime": "0723/152305", "correlationVector":"F72zOIqa6znw1DwJOh8N/H.3","action":"GetUpdates Response", "result":"Success", "context":Received 250 update(s). cV=F72zOIqa6znw1DwJOh8N/H.0;server=akswtt101000011;cloudType=Consumer;environment=Prod_northcentralus_prod-s01-050-nam-northcentralus;migrationStage=NotStarted Some updates remain.}
{"logTime": "0723/152305", "correlationVector":"j9CE6CYgASyxSNQnwyaAAs","action":"Initial GetUpdates", "result":"", "context":Reason: RECONFIGURATION. cV=j9CE6CYgASyxSNQnwyaAAs}
{"logTime": "0723/152306", "correlationVector":"j9CE6CYgASyxSNQnwyaAAs.1","action":"SyncServerConnectionManagerRequest", "result":"SYNC_SERVER_OK", "context":{"environment":"Prod_northcentralus_prod-s01-050-nam-northcentralus", "migrationStage":"NotStarted", "server":"akswtt101000010"}}
{"logTime": "0723/152306", "correlationVector":"j9CE6CYgASyxSNQnwyaAAs.2","action":"ProcessGetUpdates", "result":"Done", "context":{"dataType":"History", "deleted":"0", "process_failed_to_decrypt":"0", "process_pending_decryption":"0", "process_success":"250", "total":"250"}}
{"logTime": "0723/152306", "correlationVector":"j9CE6CYgASyxSNQnwyaAAs.3","action":"GetUpdates Response", "result":"Success", "context":Received 250 update(s). cV=j9CE6CYgASyxSNQnwyaAAs.0;server=akswtt101000010;cloudType=Consumer;environment=Prod_northcentralus_prod-s01-050-nam-northcentralus;migrationStage=NotStarted Some updates remain.}
{"logTime": "0723/152306", "correlationVector":"vhBCU8qlsGZJKscCXI7Wt6","action":"Initial GetUpdates", "result":"", "context":Reason: RECONFIGURATION. cV=vhBCU8qlsGZJKscCXI7Wt6}
{"logTime": "0723/152306", "correlationVector":"vhBCU8qlsGZJKscCXI7Wt6.1","action":"SyncServerConnectionManagerRequest", "result":"SYNC_SERVER_OK", "context":{"environment":"Prod_northcentralus_prod-s01-050-nam-northcentralus", "migrationStage":"NotStarted", "server":"akswtt10100000t"}}
{"logTime": "0723/152306", "correlationVector":"vhBCU8qlsGZJKscCXI7Wt6.2","action":"ProcessGetUpdates", "result":"Done", "context":{"dataType":"History", "deleted":"0", "process_failed_to_decrypt":"0", "process_pending_decryption":"0", "process_success":"127", "total":"127"}}
{"logTime": "0723/152306", "correlationVector":"vhBCU8qlsGZJKscCXI7Wt6.3","action":"GetUpdates Response", "result":"Success", "context":Received 127 update(s). cV=vhBCU8qlsGZJKscCXI7Wt6.0;server=akswtt10100000t;cloudType=Consumer;environment=Prod_northcentralus_prod-s01-050-nam-northcentralus;migrationStage=NotStarted}
{"logTime": "0723/152306", "correlationVector":"mXk89p17AkFHCxUmQq8aKd","action":"Normal GetUpdate request", "result":"", "context":cV=mXk89p17AkFHCxUmQq8aKd
Nudged types: Preferences, Sessions, Device Info
Refresh requested types: Bookmarks, Preferences, Passwords, Autofill Profiles, Autofill, Extensions, Sessions, Extension settings, History Delete Directives, Device Info, User Consents, Send Tab To Self, Web Apps, History, Saved Tab Group, WebAuthn Credentials, Edge E Drop, Edge Hub App Usage, Edge Workspace, Encryption Keys}
{"logTime": "0723/152306", "correlationVector":"mXk89p17AkFHCxUmQq8aKd.1","action":"SyncServerConnectionManagerRequest", "result":"SYNC_SERVER_OK", "context":{"environment":"Prod_northcentralus_prod-s01-050-nam-northcentralus", "migrationStage":"NotStarted", "server":"akswtt10100000o"}}
{"logTime": "0723/152306", "correlationVector":"mXk89p17AkFHCxUmQq8aKd.2","action":"GetUpdates Response", "result":"Success", "context":Received 0 update(s). cV=mXk89p17AkFHCxUmQq8aKd.0;server=akswtt10100000o;cloudType=Consumer;environment=Prod_northcentralus_prod-s01-050-nam-northcentralus;migrationStage=NotStarted}
{"logTime": "0723/152306", "correlationVector":"aJn0nokF1ADJMyiNYxop9X","action":"Commit Request", "result":"", "context":Item count: 8
Contributing types: Preferences, Sessions, Device Info}
{"logTime": "0723/152307", "correlationVector":"aJn0nokF1ADJMyiNYxop9X.1","action":"SyncServerConnectionManagerRequest", "result":"SYNC_SERVER_OK", "context":{"environment":"Prod_northcentralus_prod-s01-050-nam-northcentralus", "migrationStage":"NotStarted", "server":"akswtt101000010"}}
{"logTime": "0723/152307", "correlationVector":"aJn0nokF1ADJMyiNYxop9X.2","action":"Commit Response", "result":"Success", "context":Result: Success. cV=aJn0nokF1ADJMyiNYxop9X.0;server=akswtt101000010;cloudType=Consumer;environment=Prod_northcentralus_prod-s01-050-nam-northcentralus;migrationStage=NotStarted}
{"logTime": "0723/152321", "correlationVector":"nJDfagwBgP9I3uAUC14OVf","action":"Commit Request", "result":"", "context":Item count: 5
Contributing types: Autofill, Sessions, History}
{"logTime": "0723/152322", "correlationVector":"nJDfagwBgP9I3uAUC14OVf.1","action":"SyncServerConnectionManagerRequest", "result":"SYNC_SERVER_OK", "context":{"environment":"Prod_northcentralus_prod-s01-050-nam-northcentralus", "migrationStage":"NotStarted", "server":"akswtt101000012"}}
{"logTime": "0723/152322", "correlationVector":"nJDfagwBgP9I3uAUC14OVf.2","action":"Commit Response", "result":"Success", "context":Result: Success. cV=nJDfagwBgP9I3uAUC14OVf.0;server=akswtt101000012;cloudType=Consumer;environment=Prod_northcentralus_prod-s01-050-nam-northcentralus;migrationStage=NotStarted}
{"logTime": "0723/152327", "correlationVector":"52H4PYgl0JAlhRu0785ksR","action":"Commit Request", "result":"", "context":Item count: 6
Contributing types: Preferences, Passwords, Sessions, History}
{"logTime": "0723/152328", "correlationVector":"52H4PYgl0JAlhRu0785ksR.1","action":"SyncServerConnectionManagerRequest", "result":"SYNC_SERVER_OK", "context":{"environment":"Prod_northcentralus_prod-s01-050-nam-northcentralus", "migrationStage":"NotStarted", "server":"akswtt10100000t"}}
{"logTime": "0723/152328", "correlationVector":"52H4PYgl0JAlhRu0785ksR.2","action":"Commit Response", "result":"Success", "context":Result: Success. cV=52H4PYgl0JAlhRu0785ksR.0;server=akswtt10100000t;cloudType=Consumer;environment=Prod_northcentralus_prod-s01-050-nam-northcentralus;migrationStage=NotStarted}
{"logTime": "0723/152356", "correlationVector":"WzAzIapwrshTyyBMgRlRkL","action":"Commit Request", "result":"", "context":Item count: 25
Contributing types: Passwords, Sessions, History}
{"logTime": "0723/152358", "correlationVector":"WzAzIapwrshTyyBMgRlRkL.1","action":"SyncServerConnectionManagerRequest", "result":"SYNC_SERVER_OK", "context":{"environment":"Prod_northcentralus_prod-s01-050-nam-northcentralus", "migrationStage":"NotStarted", "server":"akswtt10100000j"}}
{"logTime": "0723/152358", "correlationVector":"WzAzIapwrshTyyBMgRlRkL.2","action":"Commit Response", "result":"Success", "context":Result: Success. cV=WzAzIapwrshTyyBMgRlRkL.0;server=akswtt10100000j;cloudType=Consumer;environment=Prod_northcentralus_prod-s01-050-nam-northcentralus;migrationStage=NotStarted}
{"logTime": "0723/152458", "correlationVector":"uTOv8ONVOvGr3c4+BbDZrx","action":"Commit Request", "result":"", "context":Item count: 1
Contributing types: History}
{"logTime": "0723/152458", "correlationVector":"uTOv8ONVOvGr3c4+BbDZrx.1","action":"SyncServerConnectionManagerRequest", "result":"SYNC_SERVER_OK", "context":{"environment":"Prod_northcentralus_prod-s01-050-nam-northcentralus", "migrationStage":"NotStarted", "server":"akswtt101000008"}}
{"logTime": "0723/152458", "correlationVector":"uTOv8ONVOvGr3c4+BbDZrx.2","action":"Commit Response", "result":"Success", "context":Result: Success. cV=uTOv8ONVOvGr3c4+BbDZrx.0;server=akswtt101000008;cloudType=Consumer;environment=Prod_northcentralus_prod-s01-050-nam-northcentralus;migrationStage=NotStarted}
